// Jest Snapshot v1, https://goo.gl/fbAQLP

exports[`<Model /> should render Model page static content 1`] = `
Array [
  <article
    className="section is-medium"
  >
    <div
      className="container"
    >
      <div
        className="columns"
      >
        <header
          className="column is-narrow is-hidden-touch is-aside"
        >
          <aside
            className="menu"
          >
            <p
              className="menu-label has-text-weight-bold"
            >
              v2.0.0-rc.3
            </p>
            <ul
              className="menu-list"
            >
              <li>
                <a
                  aria-current={null}
                  href="/overview"
                  onClick={[Function]}
                >
                  Overview
                </a>
                <ul>
                  <li>
                    <a
                      aria-current={null}
                      href="/model"
                      onClick={[Function]}
                    >
                      Data Model
                    </a>
                  </li>
                  <li>
                    <a
                      aria-current={null}
                      href="/domain"
                      onClick={[Function]}
                    >
                      Domain Logic
                    </a>
                  </li>
                  <li>
                    <a
                      aria-current={null}
                      href="/infrastructure"
                      onClick={[Function]}
                    >
                      Infrastructure
                    </a>
                  </li>
                </ul>
              </li>
              <li>
                <a
                  aria-current={null}
                  href="/start"
                  onClick={[Function]}
                >
                  Get Started
                </a>
                <ul>
                  <li>
                    <a
                      aria-current={null}
                      href="/setup"
                      onClick={[Function]}
                    >
                      Setup
                    </a>
                  </li>
                  <li
                    className="menu-label has-text-weight-bold"
                  >
                    Examples:
                  </li>
                  <li>
                    <a
                      aria-current={null}
                      href="/basic"
                      onClick={[Function]}
                    >
                      Basic
                    </a>
                  </li>
                  <li>
                    <a
                      aria-current={null}
                      href="/rest"
                      onClick={[Function]}
                    >
                      Rest
                    </a>
                  </li>
                  <li>
                    <a
                      aria-current={null}
                      href="/cqrs-es"
                      onClick={[Function]}
                    >
                      CQRS/ES
                    </a>
                  </li>
                </ul>
              </li>
              <li>
                <a
                  aria-current={null}
                  href="/documentation"
                  onClick={[Function]}
                >
                  Documentation
                </a>
                <ul>
                  <li>
                    <a
                      aria-current={null}
                      href="/environments"
                      onClick={[Function]}
                    >
                      Environments
                    </a>
                  </li>
                  <li>
                    <a
                      href="https://fnalabs.github.io/hive-js/"
                      rel="noopener noreferrer"
                      target="_blank"
                    >
                      API
                    </a>
                  </li>
                </ul>
              </li>
            </ul>
          </aside>
        </header>
        <section
          className="column content"
          role="document"
        >
          <h1>
            Data Model
          </h1>
          <p>
            Starting small, let's first focus on the most important part of any domain, the data. For this, Hive
            <sup>
              io
            </sup>
             leverages a few standards to provide a schema-based serialization solution based on JSON. JSON has been the universal standard for data exchanges for some time. Combined with a flexible and robust schema solution using the JSON Schema specification, Hive
            <sup>
              io
            </sup>
             is able to provide a comparable serializing solution to the likes of Protobuf, Avro, or Thrift.
          </p>
          <h2>
            Model JSON Serialization
          </h2>
          <p>
            Hive
            <sup>
              io
            </sup>
             uses the JSON Schema and Flux Standard Action specifications to automatically serialize and validate your data Models for network transport. Combined they become the standard format to transfer data to nearly any device or system. Complete with versioning and a schema registry, Hive
            <sup>
              io
            </sup>
             provides a universal application framework that can seamlessly run in a variety of clients and server environments.
          </p>
          <dl>
            <dt>
              <em>
                <strong>
                  JSON Schema
                </strong>
              </em>
            </dt>
            <dd>
              The 
              <a
                href="http://json-schema.org/"
                rel="noopener noreferrer"
                target="_blank"
              >
                JSON Schema
              </a>
               specification allows us to define a transport schema to validate incoming data. This can also be used to document your API with a definition that can be operated against. The specification defines that schemas can be hosted, giving you the ability to serve schemas through a static web server schema registry. You can use this to version your transport schemas and host them internally, externally, or both if you prefer.
            </dd>
            <dt>
              <em>
                <strong>
                  Flux Standard Action
                </strong>
              </em>
            </dt>
            <dd>
              The 
              <a
                href="https://github.com/redux-utilities/flux-standard-action"
                rel="noopener noreferrer"
                target="_blank"
              >
                Flux Standard Action
              </a>
               specification allows us to define a lightweight, network data payload used to build your services. Minimally, this provides our network payload structure with explicit support for typed data definintions. Payload objects are defined and validated by their associated JSON Schemas.
            </dd>
          </dl>
          <p>
            These Models would then be packaged up and built into your client side domain logic or in the growing list of Docker images supporting the infrastructure layer of the Hive
            <sup>
              io
            </sup>
             Framework.
          </p>
          <h2>
            Schema Registry
          </h2>
          <p>
            A schema registry can easily be achieved by combining concepts in the JSON Schema specification and adding a static file server to serve the JSON schemas. Using the 
            <a
              href="https://json-schema.org/learn/getting-started-step-by-step.html#starting-the-schema"
              rel="noopener noreferrer"
              target="_blank"
            >
              <code>
                $id
              </code>
               keyword
            </a>
            , you can specify a URI for the schema for hosting. You could use Node.js to host the files or even Nginx or Apache Web Server to serve the static JSON schemas. We have not decided to build and maintain a solution specific to the Hive
            <sup>
              io
            </sup>
             Framework at this time due to time constraints but either hosting solution should be straightforward. Furthermore, hosting Schemas may not be necessary for your solution depending on the size of the domain and/or team(s) involved in building and maintaining your solutions.
          </p>
        </section>
      </div>
    </div>
  </article>,
  <section
    className="hero is-small is-hive"
  >
    <div
      className="hero-body"
    >
      <nav
        className="level is-mobile"
      >
        <div
          className="level-item has-text-centered"
        >
          <a
            aria-label="previous page"
            href="/overview"
            onClick={[Function]}
          >
            <span
              className="icon is-large"
            >
              <svg
                height="48"
                viewBox="0 0 448 512"
                xmlns="http://www.w3.org/2000/svg"
              >
                <path
                  d="M223.7 239l136-136c9.4-9.4 24.6-9.4 33.9 0l22.6 22.6c9.4 9.4 9.4 24.6 0 33.9L319.9 256l96.4 96.4c9.4 9.4 9.4 24.6 0 33.9L393.7 409c-9.4 9.4-24.6 9.4-33.9 0l-136-136c-9.5-9.4-9.5-24.6-.1-34zm-192 34l136 136c9.4 9.4 24.6 9.4 33.9 0l22.6-22.6c9.4-9.4 9.4-24.6 0-33.9L127.9 256l96.4-96.4c9.4-9.4 9.4-24.6 0-33.9L201.7 103c-9.4-9.4-24.6-9.4-33.9 0l-136 136c-9.5 9.4-9.5 24.6-.1 34z"
                />
              </svg>
            </span>
          </a>
        </div>
        <div
          className="level-item has-text-centered"
        >
          <a
            aria-label="next page"
            href="/domain"
            onClick={[Function]}
          >
            <span
              className="icon is-large"
            >
              <svg
                height="48"
                viewBox="0 0 448 512"
                xmlns="http://www.w3.org/2000/svg"
              >
                <path
                  d="M224.3 273l-136 136c-9.4 9.4-24.6 9.4-33.9 0l-22.6-22.6c-9.4-9.4-9.4-24.6 0-33.9l96.4-96.4-96.4-96.4c-9.4-9.4-9.4-24.6 0-33.9L54.3 103c9.4-9.4 24.6-9.4 33.9 0l136 136c9.5 9.4 9.5 24.6.1 34zm192-34l-136-136c-9.4-9.4-24.6-9.4-33.9 0l-22.6 22.6c-9.4 9.4-9.4 24.6 0 33.9l96.4 96.4-96.4 96.4c-9.4 9.4-9.4 24.6 0 33.9l22.6 22.6c9.4 9.4 24.6 9.4 33.9 0l136-136c9.4-9.2 9.4-24.4 0-33.8z"
                />
              </svg>
            </span>
          </a>
        </div>
      </nav>
    </div>
  </section>,
]
`;
